2021/10/29 18:32:43.408  [I]  load config name is
